C:\Users\DELL\.gemini\antigravity\scratch\DigitalStore\src\DigitalStore.Infrastructure\Services\LocalFileStorageService.cs(2,17): error CS0234: The type or namespace name 'AspNetCore' does not exist in the namespace 'Microsoft' (are you missing an assembly reference?) [C:\Users\DELL\.gemini\antigravity\scratch\DigitalStore\src\DigitalStore.Infrastructure\DigitalStore.Infrastructure.csproj]
C:\Users\DELL\.gemini\antigravity\scratch\DigitalStore\src\DigitalStore.Infrastructure\Services\LocalFileStorageService.cs(10,36): error CS0246: The type or namespace name 'IWebHostEnvironment' could not be found (are you missing a using directive or an assembly reference?) [C:\Users\DELL\.gemini\antigravity\scratch\DigitalStore\src\DigitalStore.Infrastructure\DigitalStore.Infrastructure.csproj]

Build FAILED.
    0 Warning(s)
    2 Error(s)

Time Elapsed 00:00:00.77
